2026-03-16 01:07:12.162  INFO 16632 --- [main] c.s.trends.ShoppingTrendsApplication     : Starting ShoppingTrendsApplication on qi with PID 16632 (D:\softWare\project\shopping_trends\shopping-trends-api\target\classes started by 26354 in D:\softWare\project\shopping_trends\shopping-trends-api)
2026-03-16 01:07:12.175 DEBUG 16632 --- [main] c.s.trends.ShoppingTrendsApplication     : Running with Spring Boot v2.3.12.RELEASE, Spring v5.2.15.RELEASE
2026-03-16 01:07:12.176  INFO 16632 --- [main] c.s.trends.ShoppingTrendsApplication     : No active profile set, falling back to default profiles: default
2026-03-16 01:07:15.196  INFO 16632 --- [main] o.s.b.w.embedded.tomcat.TomcatWebServer  : Tomcat initialized with port(s): 8080 (http)
2026-03-16 01:07:15.215  INFO 16632 --- [main] o.apache.catalina.core.StandardService   : Starting service [Tomcat]
2026-03-16 01:07:15.216  INFO 16632 --- [main] org.apache.catalina.core.StandardEngine  : Starting Servlet engine: [Apache Tomcat/9.0.46]
2026-03-16 01:07:15.409  INFO 16632 --- [main] o.a.c.c.C.[Tomcat].[localhost].[/]       : Initializing Spring embedded WebApplicationContext
2026-03-16 01:07:15.410  INFO 16632 --- [main] w.s.c.ServletWebServerApplicationContext : Root WebApplicationContext: initialization completed in 3134 ms
2026-03-16 01:07:15.533  INFO 16632 --- [main] c.a.d.s.b.a.DruidDataSourceAutoConfigure : Init DruidDataSource
2026-03-16 01:07:15.786  INFO 16632 --- [main] com.alibaba.druid.pool.DruidDataSource   : {dataSource-1} inited
2026-03-16 01:07:18.357  INFO 16632 --- [main] o.s.s.concurrent.ThreadPoolTaskExecutor  : Initializing ExecutorService 'applicationTaskExecutor'
2026-03-16 01:07:18.422  INFO 16632 --- [main] o.s.b.a.w.s.WelcomePageHandlerMapping    : Adding welcome page: class path resource [static/index.html]
2026-03-16 01:07:18.630  INFO 16632 --- [main] o.s.b.w.embedded.tomcat.TomcatWebServer  : Tomcat started on port(s): 8080 (http) with context path ''
2026-03-16 01:07:19.272  INFO 16632 --- [main] c.s.trends.ShoppingTrendsApplication     : Started ShoppingTrendsApplication in 7.773 seconds (JVM running for 8.424)
2026-03-16 01:14:15.884  INFO 16800 --- [main] c.s.trends.ShoppingTrendsApplication     : Starting ShoppingTrendsApplication on qi with PID 16800 (D:\softWare\project\shopping_trends\shopping-trends-api\target\classes started by 26354 in D:\softWare\project\shopping_trends\shopping-trends-api)
2026-03-16 01:14:15.889 DEBUG 16800 --- [main] c.s.trends.ShoppingTrendsApplication     : Running with Spring Boot v2.3.12.RELEASE, Spring v5.2.15.RELEASE
2026-03-16 01:14:15.890  INFO 16800 --- [main] c.s.trends.ShoppingTrendsApplication     : No active profile set, falling back to default profiles: default
2026-03-16 01:14:19.506  INFO 16800 --- [main] o.s.b.w.embedded.tomcat.TomcatWebServer  : Tomcat initialized with port(s): 8080 (http)
2026-03-16 01:14:19.523  INFO 16800 --- [main] o.apache.catalina.core.StandardService   : Starting service [Tomcat]
2026-03-16 01:14:19.524  INFO 16800 --- [main] org.apache.catalina.core.StandardEngine  : Starting Servlet engine: [Apache Tomcat/9.0.46]
2026-03-16 01:14:19.663  INFO 16800 --- [main] o.a.c.c.C.[Tomcat].[localhost].[/]       : Initializing Spring embedded WebApplicationContext
2026-03-16 01:14:19.664  INFO 16800 --- [main] w.s.c.ServletWebServerApplicationContext : Root WebApplicationContext: initialization completed in 3680 ms
2026-03-16 01:14:19.772  INFO 16800 --- [main] c.a.d.s.b.a.DruidDataSourceAutoConfigure : Init DruidDataSource
2026-03-16 01:14:20.065  INFO 16800 --- [main] com.alibaba.druid.pool.DruidDataSource   : {dataSource-1} inited
2026-03-16 01:14:23.276  INFO 16800 --- [main] o.s.s.concurrent.ThreadPoolTaskExecutor  : Initializing ExecutorService 'applicationTaskExecutor'
2026-03-16 01:14:23.349  INFO 16800 --- [main] o.s.b.a.w.s.WelcomePageHandlerMapping    : Adding welcome page: class path resource [static/index.html]
2026-03-16 01:14:23.548  INFO 16800 --- [main] o.s.b.w.embedded.tomcat.TomcatWebServer  : Tomcat started on port(s): 8080 (http) with context path ''
2026-03-16 01:14:24.259  INFO 16800 --- [main] c.s.trends.ShoppingTrendsApplication     : Started ShoppingTrendsApplication in 9.08 seconds (JVM running for 9.799)
2026-03-16 01:14:32.596  INFO 16800 --- [http-nio-8080-exec-3] o.a.c.c.C.[Tomcat].[localhost].[/]       : Initializing Spring DispatcherServlet 'dispatcherServlet'
2026-03-16 01:14:32.597  INFO 16800 --- [http-nio-8080-exec-3] o.s.web.servlet.DispatcherServlet        : Initializing Servlet 'dispatcherServlet'
2026-03-16 01:14:32.611  INFO 16800 --- [http-nio-8080-exec-3] o.s.web.servlet.DispatcherServlet        : Completed initialization in 13 ms
2026-03-16 01:14:53.830 ERROR 16800 --- [Druid-ConnectionPool-Create-988402146] com.alibaba.druid.pool.DruidDataSource   : create connection SQLException, url: jdbc:mysql://192.168.101.101:3306/bigdata?useUnicode=true&characterEncoding=utf-8&useSSL=false&serverTimezone=Asia/Shanghai, errorCode 0, state 08S01

com.mysql.cj.jdbc.exceptions.CommunicationsException: Communications link failure

The last packet sent successfully to the server was 0 milliseconds ago. The driver has not received any packets from the server.
	at com.mysql.cj.jdbc.exceptions.SQLError.createCommunicationsException(SQLError.java:174) ~[mysql-connector-java-8.0.28.jar:8.0.28]
	at com.mysql.cj.jdbc.exceptions.SQLExceptionsMapping.translateException(SQLExceptionsMapping.java:64) ~[mysql-connector-java-8.0.28.jar:8.0.28]
	at com.mysql.cj.jdbc.ConnectionImpl.createNewIO(ConnectionImpl.java:829) ~[mysql-connector-java-8.0.28.jar:8.0.28]
	at com.mysql.cj.jdbc.ConnectionImpl.<init>(ConnectionImpl.java:449) ~[mysql-connector-java-8.0.28.jar:8.0.28]
	at com.mysql.cj.jdbc.ConnectionImpl.getInstance(ConnectionImpl.java:242) ~[mysql-connector-java-8.0.28.jar:8.0.28]
	at com.mysql.cj.jdbc.NonRegisteringDriver.connect(NonRegisteringDriver.java:198) ~[mysql-connector-java-8.0.28.jar:8.0.28]
	at com.alibaba.druid.pool.DruidAbstractDataSource.createPhysicalConnection(DruidAbstractDataSource.java:1657) ~[druid-1.2.8.jar:1.2.8]
	at com.alibaba.druid.pool.DruidAbstractDataSource.createPhysicalConnection(DruidAbstractDataSource.java:1723) ~[druid-1.2.8.jar:1.2.8]
	at com.alibaba.druid.pool.DruidDataSource$CreateConnectionThread.run(DruidDataSource.java:2838) ~[druid-1.2.8.jar:1.2.8]
Caused by: com.mysql.cj.exceptions.CJCommunicationsException: Communications link failure

The last packet sent successfully to the server was 0 milliseconds ago. The driver has not received any packets from the server.
	at sun.reflect.NativeConstructorAccessorImpl.newInstance0(Native Method) ~[na:1.8.0_40]
	at sun.reflect.NativeConstructorAccessorImpl.newInstance(NativeConstructorAccessorImpl.java:62) ~[na:1.8.0_40]
	at sun.reflect.DelegatingConstructorAccessorImpl.newInstance(DelegatingConstructorAccessorImpl.java:45) ~[na:1.8.0_40]
	at java.lang.reflect.Constructor.newInstance(Constructor.java:422) ~[na:1.8.0_40]
	at com.mysql.cj.exceptions.ExceptionFactory.createException(ExceptionFactory.java:61) ~[mysql-connector-java-8.0.28.jar:8.0.28]
	at com.mysql.cj.exceptions.ExceptionFactory.createException(ExceptionFactory.java:105) ~[mysql-connector-java-8.0.28.jar:8.0.28]
	at com.mysql.cj.exceptions.ExceptionFactory.createException(ExceptionFactory.java:151) ~[mysql-connector-java-8.0.28.jar:8.0.28]
	at com.mysql.cj.exceptions.ExceptionFactory.createCommunicationsException(ExceptionFactory.java:167) ~[mysql-connector-java-8.0.28.jar:8.0.28]
	at com.mysql.cj.protocol.a.NativeSocketConnection.connect(NativeSocketConnection.java:89) ~[mysql-connector-java-8.0.28.jar:8.0.28]
	at com.mysql.cj.NativeSession.connect(NativeSession.java:120) ~[mysql-connector-java-8.0.28.jar:8.0.28]
	at com.mysql.cj.jdbc.ConnectionImpl.connectOneTryOnly(ConnectionImpl.java:949) ~[mysql-connector-java-8.0.28.jar:8.0.28]
	at com.mysql.cj.jdbc.ConnectionImpl.createNewIO(ConnectionImpl.java:819) ~[mysql-connector-java-8.0.28.jar:8.0.28]
	... 6 common frames omitted
Caused by: java.net.ConnectException: Connection timed out: connect
	at java.net.DualStackPlainSocketImpl.connect0(Native Method) ~[na:1.8.0_40]
	at java.net.DualStackPlainSocketImpl.socketConnect(DualStackPlainSocketImpl.java:79) ~[na:1.8.0_40]
	at java.net.AbstractPlainSocketImpl.doConnect(AbstractPlainSocketImpl.java:345) ~[na:1.8.0_40]
	at java.net.AbstractPlainSocketImpl.connectToAddress(AbstractPlainSocketImpl.java:206) ~[na:1.8.0_40]
	at java.net.AbstractPlainSocketImpl.connect(AbstractPlainSocketImpl.java:188) ~[na:1.8.0_40]
	at java.net.PlainSocketImpl.connect(PlainSocketImpl.java:172) ~[na:1.8.0_40]
	at java.net.SocksSocketImpl.connect(SocksSocketImpl.java:392) ~[na:1.8.0_40]
	at java.net.Socket.connect(Socket.java:589) ~[na:1.8.0_40]
	at com.mysql.cj.protocol.StandardSocketFactory.connect(StandardSocketFactory.java:156) ~[mysql-connector-java-8.0.28.jar:8.0.28]
	at com.mysql.cj.protocol.a.NativeSocketConnection.connect(NativeSocketConnection.java:63) ~[mysql-connector-java-8.0.28.jar:8.0.28]
	... 9 common frames omitted

2026-03-16 01:18:37.121  WARN 16800 --- [http-nio-8080-exec-16] c.a.druid.pool.DruidAbstractDataSource   : discard long time none received connection. , jdbcUrl : jdbc:mysql://192.168.101.101:3306/bigdata?useUnicode=true&characterEncoding=utf-8&useSSL=false&serverTimezone=Asia/Shanghai, version : 1.2.8, lastPacketReceivedIdleMillis : 209968
2026-03-16 01:18:37.124  WARN 16800 --- [http-nio-8080-exec-16] c.a.druid.pool.DruidAbstractDataSource   : discard long time none received connection. , jdbcUrl : jdbc:mysql://192.168.101.101:3306/bigdata?useUnicode=true&characterEncoding=utf-8&useSSL=false&serverTimezone=Asia/Shanghai, version : 1.2.8, lastPacketReceivedIdleMillis : 210006
2026-03-16 01:18:37.131  WARN 16800 --- [http-nio-8080-exec-16] c.a.druid.pool.DruidAbstractDataSource   : discard long time none received connection. , jdbcUrl : jdbc:mysql://192.168.101.101:3306/bigdata?useUnicode=true&characterEncoding=utf-8&useSSL=false&serverTimezone=Asia/Shanghai, version : 1.2.8, lastPacketReceivedIdleMillis : 210021
2026-03-16 01:18:37.135  WARN 16800 --- [http-nio-8080-exec-16] c.a.druid.pool.DruidAbstractDataSource   : discard long time none received connection. , jdbcUrl : jdbc:mysql://192.168.101.101:3306/bigdata?useUnicode=true&characterEncoding=utf-8&useSSL=false&serverTimezone=Asia/Shanghai, version : 1.2.8, lastPacketReceivedIdleMillis : 210026
2026-03-16 01:18:37.141  WARN 16800 --- [http-nio-8080-exec-16] c.a.druid.pool.DruidAbstractDataSource   : discard long time none received connection. , jdbcUrl : jdbc:mysql://192.168.101.101:3306/bigdata?useUnicode=true&characterEncoding=utf-8&useSSL=false&serverTimezone=Asia/Shanghai, version : 1.2.8, lastPacketReceivedIdleMillis : 210067
2026-03-16 01:18:37.147  WARN 16800 --- [http-nio-8080-exec-16] c.a.druid.pool.DruidAbstractDataSource   : discard long time none received connection. , jdbcUrl : jdbc:mysql://192.168.101.101:3306/bigdata?useUnicode=true&characterEncoding=utf-8&useSSL=false&serverTimezone=Asia/Shanghai, version : 1.2.8, lastPacketReceivedIdleMillis : 210098
2026-03-16 01:18:37.150  WARN 16800 --- [http-nio-8080-exec-16] c.a.druid.pool.DruidAbstractDataSource   : discard long time none received connection. , jdbcUrl : jdbc:mysql://192.168.101.101:3306/bigdata?useUnicode=true&characterEncoding=utf-8&useSSL=false&serverTimezone=Asia/Shanghai, version : 1.2.8, lastPacketReceivedIdleMillis : 222592
2026-03-16 01:18:37.153  WARN 16800 --- [http-nio-8080-exec-16] c.a.druid.pool.DruidAbstractDataSource   : discard long time none received connection. , jdbcUrl : jdbc:mysql://192.168.101.101:3306/bigdata?useUnicode=true&characterEncoding=utf-8&useSSL=false&serverTimezone=Asia/Shanghai, version : 1.2.8, lastPacketReceivedIdleMillis : 222595
2026-03-16 01:18:40.114  INFO 16800 --- [http-nio-8080-exec-7] c.s.t.service.impl.UserStatsServiceImpl  : 开始统计购买频率数据
2026-03-16 01:18:43.784  INFO 16800 --- [http-nio-8080-exec-7] c.s.t.service.impl.UserStatsServiceImpl  : 成功统计购买频率数据: 日统计365条, 周统计53条, 月统计13条
